tables:
  # ArrayTypes table validation - testing all Spanner array types
  ArrayTypes:
    count: 4
    order_by: "ID"
    rows:
      - ID: "array-001"
        StringArray: ["hello", "world", "test"]
        Int64Array: [1, 2, 3, 4, 5]
        BoolArray: [true, false, true]
        NullStringArray: ["first", "second", "third"]
      - ID: "array-002"
        StringArray: []
        Int64Array: []
        BoolArray: []
        NullStringArray: []
      - ID: "array-003"
        StringArray: ["single"]
        Int64Array: [42]
        BoolArray: [false]
        NullStringArray: ["only one"]
      - ID: "array-004"
        StringArray: ["a", "b", "c", "d"]
        Int64Array: [10, 20, 30]
        BoolArray: [true, true, false, true]
        NullStringArray: ["mixed", "content", "here"]