tables:
  NonExistentTable:
    count: 1
    columns:
      ID: "test"