tables:
  # NullTypes table validation - testing all Spanner null types
  NullTypes:
    count: 4
    order_by: "ID"
    rows:
      - ID: "null-001"
        NullString: "test string"
        NullInt64: 42
        NullBool: true
        NullFloat64: 3.14159
        NullDate: "2024-01-15"
        NullTimestamp: "2024-01-15T10:30:00Z"
        NullNumeric: "123.456"
        NullJson: '{"key": "value"}'
      - ID: "null-002"
        NullString: null
        NullInt64: null
        NullBool: null
        NullFloat64: null
        NullDate: null
        NullTimestamp: null
        NullNumeric: null
        NullJson: null
      - ID: "null-003"
        NullString: "another string"
        NullInt64: 100
        NullBool: false
        NullFloat64: 2.71828
        NullDate: "2024-12-31"
        NullTimestamp: "2024-12-31T23:59:59Z"
        NullNumeric: "999.999"
        NullJson: '{"active": true, "count": 0}'
      - ID: "null-004"
        NullString: ""
        NullInt64: 0
        NullBool: true
        NullFloat64: 0.0
        NullDate: "1970-01-01"
        NullTimestamp: "1970-01-01T00:00:00Z"
        NullNumeric: "0"
        NullJson: "null"