tables:
  Products:
    count: 3
    order_by: "ProductID"
    rows:
      - ProductID: "prod-001"
        Name: "Laptop Computer"
        Price: 150000  # Exact match
        IsActive: true
      - ProductID: "prod-002"
        Name: "Wireless Mouse"
        Price: 3000  # Exact match
        IsActive: true
      - ProductID: "prod-003"
        Name: "Coffee Mug"
        Price: 1200  # Exact match
        IsActive: false