tables:
  # Users table validation with order_by to ensure consistent results
  Users:
    count: 3
    order_by: "UserID"
    rows:
      - UserID: "user-001"
        Name: "Alice Johnson"
        Email: "alice@example.com"
        Status: 1
        CreatedAt: "2024-01-01T00:00:00Z"
      - UserID: "user-002"
        Name: "Bob Smith"
        Email: "bob@example.com"
        Status: 2
        CreatedAt: "2024-01-01T00:00:00Z"
      - UserID: "user-003"
        Name: "Charlie Brown"
        Email: "charlie@example.com"
        Status: 1
        CreatedAt: "2024-01-01T00:00:00Z"
  
  # Products table validation with order_by
  Products:
    count: 3
    order_by: "ProductID"
    rows:
      - ProductID: "prod-001"
        Name: "Laptop Computer"
        Price: 150000
        IsActive: true
        CategoryID: "cat-electronics"
        CreatedAt: "2024-01-01T00:00:00Z"
      - ProductID: "prod-002"
        Name: "Wireless Mouse"
        Price: 3000
        IsActive: true
        CategoryID: "cat-electronics"
        CreatedAt: "2024-01-01T00:00:00Z"
      - ProductID: "prod-003"
        Name: "Coffee Mug"
        Price: 1200
        IsActive: false
        CategoryID: "cat-kitchen"
        CreatedAt: "2024-01-01T00:00:00Z"
  
  # Orders table validation (interleaved table)
  Orders:
    count: 3
    order_by: "OrderID"
    rows:
      - OrderID: "order-001"
        UserID: "user-001"
        ProductID: "prod-001"
        Quantity: 1
        OrderDate: "2024-01-01T00:00:00Z"
      - OrderID: "order-002"
        UserID: "user-002"
        ProductID: "prod-002"
        Quantity: 2
        OrderDate: "2024-01-01T00:00:00Z"
      - OrderID: "order-003"
        UserID: "user-001"
        ProductID: "prod-003"
        Quantity: 1
        OrderDate: "2024-01-01T00:00:00Z"