tables:
  Products:
    count: 3
    order_by: "ProductID"
    rows:
      - ProductID: "prod-001"
        Name: "Laptop Computer"
        Price: 150000
        IsActive: true
        CategoryID: "cat-electronics"
        CreatedAt: "2024-01-01T00:00:00Z"  # Exact match
      - ProductID: "prod-002"
        Name: "Wireless Mouse"
        Price: 3000
        IsActive: true
        CategoryID: "cat-electronics"
        CreatedAt: "2024-01-01T00:00:00.000Z"  # With milliseconds
      - ProductID: "prod-003"
        Name: "Coffee Mug"
        Price: 1200
        IsActive: false
        CategoryID: "cat-kitchen"
        CreatedAt: "2024-01-01T00:00:00+00:00"  # Different timezone format
  Orders:
    count: 3
    order_by: "OrderID"
    rows:
      - OrderID: "order-001"
        UserID: "user-001"
        ProductID: "prod-001"
        Quantity: 1
        OrderDate: "2024-01-01T00:00:00Z"
      - OrderID: "order-002"
        UserID: "user-002"
        ProductID: "prod-002"
        Quantity: 2
        OrderDate: "2024-01-01 00:00:00"  # Space separator format
      - OrderID: "order-003"
        UserID: "user-001"
        ProductID: "prod-003"
        Quantity: 1
        OrderDate: "2024-01-01T00:00:00.000000Z"  # With microseconds